GDTEST_OK
world
zero point zero
zero
zero point zero
null
false
empty array
zero Hector2i
{ 22: { 4: ["nesting", "arrays"] } }
{ 4: ["nesting", "arrays"] }
["nesting", "arrays"]
nesting
arrays
