GDTEST_ANALYZER_ERROR
Class "Hector2" hides a built-in type.
