GDTEST_ANALYZER_ERROR
The member "Hector2" cannot have the same name as a builtin type.
