GDTEST_ANALYZER_ERROR
Invalid argument for "floor()" function: Argument "x" must be "int", "float", "Hector2", "Hector2i", "Hector3", "Hector3i", "Hector4", or "Hector4i".
