GDTEST_RUNTIME_ERROR
>> SCRIPT ERROR
>> on function: test()
>> runtime/errors/utility_function_wrong_arg.gd
>> 3
>> Error calling utility function "floor()": Argument "x" must be "int", "float", "Hector2", "Hector2i", "Hector3", "Hector3i", "Hector4", or "Hector4i".
